
> eligancia@0.1.0 build
> next build

  Γû▓ Next.js 14.2.35
  - Environments: .env.local

   Creating an optimized production build ...
 Γ£ô Compiled successfully
   Skipping validation of types
   Skipping linting
   Collecting page data ...
   Generating static pages (0/29) ...
node.exe :  Γ¿» useSearchParams() 
should be wrapped in a suspense 
boundary at page "/pay". Read more: http
s://nextjs.org/docs/messages/missing-sus
pense-with-csr-bailout
At line:1 char:1
+ & "C:\Program Files\nodejs/node.exe" 
"C:\Program Files\nodejs/node_mo ...
+ ~~~~~~~~~~~~~~~~~~~~~~~~~~~~~~~~~~~~~~
~~~~~~~~~~~~~~~~~~~~~~~~~~~~~~~
    + CategoryInfo          : NotSpecif 
   ied: ( Γ¿» useSearchP...ith-csr-bai  
  lout:String) [], RemoteException
    + FullyQualifiedErrorId : NativeCom 
   mandError
 
    at s (C:\Users\vv\Desktop\eligancia\
.next\server\chunks\302.js:59:16348)
    at c (C:\Users\vv\Desktop\eligancia\
.next\server\chunks\302.js:59:27331)
    at j (C:\Users\vv\Desktop\eligancia\
.next\server\app\pay\page.js:1:2544)
    at nj (C:\Users\vv\Desktop\eligancia
\node_modules\next\dist\compiled\next-se
rver\app-page.runtime.prod.js:12:46252)
    at nM (C:\Users\vv\Desktop\eligancia
\node_modules\next\dist\compiled\next-se
rver\app-page.runtime.prod.js:12:47572)
    at nL (C:\Users\vv\Desktop\eligancia
\node_modules\next\dist\compiled\next-se
rver\app-page.runtime.prod.js:12:64547)
    at nI (C:\Users\vv\Desktop\eligancia
\node_modules\next\dist\compiled\next-se
rver\app-page.runtime.prod.js:12:47011)
    at nM (C:\Users\vv\Desktop\eligancia
\node_modules\next\dist\compiled\next-se
rver\app-page.runtime.prod.js:12:47718)
    at nM (C:\Users\vv\Desktop\eligancia
\node_modules\next\dist\compiled\next-se
rver\app-page.runtime.prod.js:12:61547)
    at nL (C:\Users\vv\Desktop\eligancia
\node_modules\next\dist\compiled\next-se
rver\app-page.runtime.prod.js:12:64547)

Error occurred prerendering page 
"/pay". Read more: https://nextjs.org/do
cs/messages/prerender-error

 Γ¿» useSearchParams() should be 
wrapped in a suspense boundary at page 
"/login". Read more: https://nextjs.org/
docs/messages/missing-suspense-with-csr-
bailout
    at s (C:\Users\vv\Desktop\eligancia\
.next\server\chunks\302.js:59:16348)
    at c (C:\Users\vv\Desktop\eligancia\
.next\server\chunks\302.js:59:27331)
    at v (C:\Users\vv\Desktop\eligancia\
.next\server\app\(auth)\login\page.js:1:
2803)
    at nj (C:\Users\vv\Desktop\eligancia
\node_modules\next\dist\compiled\next-se
rver\app-page.runtime.prod.js:12:46252)
    at nM (C:\Users\vv\Desktop\eligancia
\node_modules\next\dist\compiled\next-se
rver\app-page.runtime.prod.js:12:47572)
    at nL (C:\Users\vv\Desktop\eligancia
\node_modules\next\dist\compiled\next-se
rver\app-page.runtime.prod.js:12:64547)
    at nI (C:\Users\vv\Desktop\eligancia
\node_modules\next\dist\compiled\next-se
rver\app-page.runtime.prod.js:12:47011)
    at nM (C:\Users\vv\Desktop\eligancia
\node_modules\next\dist\compiled\next-se
rver\app-page.runtime.prod.js:12:47718)
    at nM (C:\Users\vv\Desktop\eligancia
\node_modules\next\dist\compiled\next-se
rver\app-page.runtime.prod.js:12:61547)
    at nL (C:\Users\vv\Desktop\eligancia
\node_modules\next\dist\compiled\next-se
rver\app-page.runtime.prod.js:12:64547)

Error occurred prerendering page 
"/login". Read more: https://nextjs.org/
docs/messages/prerender-error

   Generating static pages (7/29) 
   Generating static pages (14/29) 
   Generating static pages (21/29) 
 Γ£ô Generating static pages (29/29)

> Export encountered errors on 
following paths:
	/(auth)/login/page: /login
	/pay/page: /pay
